<?xml version="1.0" encoding="UTF-8" ?>
<testsuites name="vitest tests" tests="1" failures="1" errors="0" time="0">
    <testsuite name="src/app/app.spec.ts" timestamp="2026-04-15T17:42:08.304Z" hostname="MacBook-Pro-von-Johannes.local" tests="1" failures="1" errors="0" skipped="0" time="0">
        <testcase classname="src/app/app.spec.ts" name="src/app/app.spec.ts" time="0">
            <failure message="Failed to resolve import &quot;zone.js&quot; from &quot;src/app/app.spec.ts&quot;. Does the file exist?" type="Error">
Error: Failed to resolve import &quot;zone.js&quot; from &quot;src/app/app.spec.ts&quot;. Does the file exist?
  Plugin: vite:import-analysis
  File: /Users/johannes/IdeaProjects/goaldone/goaldone-projekt/frontend/src/app/app.spec.ts:1:7
  1  |  import &quot;zone.js&quot;;
     |          ^
  2  |  import &quot;zone.js/testing&quot;;
  3  |  import { TestBed } from &quot;@angular/core/testing&quot;;
 ❯ TransformPluginContext._formatLog node_modules/vite/dist/node/chunks/config.js:29003:43
 ❯ TransformPluginContext.error node_modules/vite/dist/node/chunks/config.js:29000:14
 ❯ normalizeUrl node_modules/vite/dist/node/chunks/config.js:27123:18
 ❯ node_modules/vite/dist/node/chunks/config.js:27181:32
 ❯ TransformPluginContext.transform node_modules/vite/dist/node/chunks/config.js:27149:4
 ❯ EnvironmentPluginContainer.transform node_modules/vite/dist/node/chunks/config.js:28801:14
 ❯ loadAndTransform node_modules/vite/dist/node/chunks/config.js:22670:26
            </failure>
        </testcase>
    </testsuite>
</testsuites>
